// Jest Snapshot v1, https://goo.gl/fbAQLP

exports[`FacebookButton renders correctly 1`] = `
<View
  accessible={true}
  isTVSelectable={true}
  onResponderGrant={[Function]}
  onResponderMove={[Function]}
  onResponderRelease={[Function]}
  onResponderTerminate={[Function]}
  onResponderTerminationRequest={[Function]}
  onStartShouldSetResponder={[Function]}
  style={
    Object {
      "alignItems": "center",
      "backgroundColor": "rgb(59,89,152)",
      "borderRadius": 4,
      "flexDirection": "row",
      "height": 45,
      "justifyContent": "center",
      "marginTop": 8,
      "opacity": 1,
      "shadowColor": "rgb(35, 36, 44)",
      "shadowOffset": Object {
        "height": 2,
        "width": 0,
      },
      "shadowOpacity": 0.5,
      "shadowRadius": 3,
      "width": 720,
    }
  }
>
  <Image
    source={1}
    style={
      Object {
        "height": 32,
        "marginRight": 10,
        "width": 32,
      }
    }
  />
  <Text
    style={
      Object {
        "color": "rgb(255, 255, 255)",
        "fontFamily": "GothamBold",
        "fontSize": 15,
        "marginTop": 4,
      }
    }
  >
    Test
  </Text>
</View>
`;
