// Jest Snapshot v1, https://goo.gl/fbAQLP

exports[`Progress Bar renders correctly 1`] = `
<View
  style={
    Object {
      "marginBottom": 5,
      "marginTop": 5,
      "width": "100%",
    }
  }
>
  <Text
    style={
      Object {
        "color": "rgb(113, 114, 115)",
        "fontFamily": "GothamBold",
        "fontSize": 12,
        "marginBottom": 3,
        "marginTop": 3,
      }
    }
  >
    Resistance 
    1
    /
    3
  </Text>
  <View
    style={
      Object {
        "backgroundColor": "rgb(234, 234, 235)",
        "borderColor": "rgb(250, 250, 250)",
        "borderRadius": 5,
        "height": 8,
        "width": "100%",
      }
    }
  >
    <View
      style={
        Array [
          Object {
            "backgroundColor": "rgb(238, 48, 66)",
            "borderRadius": 5,
            "height": 8,
            "width": "4%",
          },
          false,
          Object {
            "backgroundColor": "rgb(242, 199, 26)",
            "borderRadius": 4,
            "height": 8,
            "width": "33%",
          },
          false,
          false,
          false,
          false,
        ]
      }
    />
  </View>
</View>
`;
