// Jest Snapshot v1, https://goo.gl/fbAQLP

exports[`Hiit Workout Progress renders correctly 1`] = `
<View
  style={
    Object {
      "flexDirection": "row",
      "height": 35,
      "marginBottom": 10,
      "marginTop": 10,
      "paddingLeft": 5,
      "paddingRight": 5,
    }
  }
>
  <View
    style={
      Object {
        "alignItems": "center",
        "flex": 1,
        "justifyContent": "center",
        "paddingLeft": 5,
        "paddingRight": 5,
      }
    }
  >
    <View
      style={
        Object {
          "height": 35,
          "width": 35,
        }
      }
    >
      <View
        onLayout={[Function]}
        style={
          Object {
            "flex": 1,
          }
        }
      />
    </View>
    <View
      style={
        Object {
          "height": 0,
        }
      }
    >
      <View
        style={
          Object {
            "marginTop": -26,
          }
        }
      >
        <Text
          style={
            Object {
              "color": "rgb(35, 36, 44)",
              "fontFamily": "GothamBold",
              "fontSize": 18,
            }
          }
        >
          1
        </Text>
      </View>
    </View>
  </View>
  <View
    style={
      Object {
        "alignItems": "center",
        "flex": 1,
        "justifyContent": "center",
        "paddingLeft": 5,
        "paddingRight": 5,
      }
    }
  >
    <View
      style={
        Object {
          "height": 35,
          "width": 35,
        }
      }
    >
      <View
        onLayout={[Function]}
        style={
          Object {
            "flex": 1,
          }
        }
      />
    </View>
    <View
      style={
        Object {
          "height": 0,
        }
      }
    >
      <View
        style={
          Object {
            "marginTop": -26,
          }
        }
      >
        <Text
          style={
            Object {
              "color": "rgb(234, 234, 235)",
              "fontFamily": "GothamBold",
              "fontSize": 18,
            }
          }
        >
          2
        </Text>
      </View>
    </View>
  </View>
  <View
    style={
      Object {
        "alignItems": "center",
        "flex": 1,
        "justifyContent": "center",
        "paddingLeft": 5,
        "paddingRight": 5,
      }
    }
  >
    <View
      style={
        Object {
          "height": 35,
          "width": 35,
        }
      }
    >
      <View
        onLayout={[Function]}
        style={
          Object {
            "flex": 1,
          }
        }
      />
    </View>
    <View
      style={
        Object {
          "height": 0,
        }
      }
    >
      <View
        style={
          Object {
            "marginTop": -26,
          }
        }
      >
        <Text
          style={
            Object {
              "color": "rgb(234, 234, 235)",
              "fontFamily": "GothamBold",
              "fontSize": 18,
            }
          }
        >
          3
        </Text>
      </View>
    </View>
  </View>
  <View
    style={
      Object {
        "alignItems": "center",
        "flex": 1,
        "justifyContent": "center",
        "paddingLeft": 5,
        "paddingRight": 5,
      }
    }
  >
    <View
      style={
        Object {
          "height": 35,
          "width": 35,
        }
      }
    >
      <View
        onLayout={[Function]}
        style={
          Object {
            "flex": 1,
          }
        }
      />
    </View>
    <View
      style={
        Object {
          "height": 0,
        }
      }
    >
      <View
        style={
          Object {
            "marginTop": -26,
          }
        }
      >
        <Text
          style={
            Object {
              "color": "rgb(234, 234, 235)",
              "fontFamily": "GothamBold",
              "fontSize": 18,
            }
          }
        >
          4
        </Text>
      </View>
    </View>
  </View>
  <View
    style={
      Object {
        "alignItems": "center",
        "flex": 1,
        "justifyContent": "center",
        "paddingLeft": 5,
        "paddingRight": 5,
      }
    }
  >
    <View
      style={
        Object {
          "height": 35,
          "width": 35,
        }
      }
    >
      <View
        onLayout={[Function]}
        style={
          Object {
            "flex": 1,
          }
        }
      />
    </View>
    <View
      style={
        Object {
          "height": 0,
        }
      }
    >
      <View
        style={
          Object {
            "marginTop": -26,
          }
        }
      >
        <Text
          style={
            Object {
              "color": "rgb(234, 234, 235)",
              "fontFamily": "GothamBold",
              "fontSize": 18,
            }
          }
        >
          5
        </Text>
      </View>
    </View>
  </View>
  <View
    style={
      Object {
        "alignItems": "center",
        "flex": 1,
        "justifyContent": "center",
        "paddingLeft": 5,
        "paddingRight": 5,
      }
    }
  >
    <View
      style={
        Object {
          "height": 35,
          "width": 35,
        }
      }
    >
      <View
        onLayout={[Function]}
        style={
          Object {
            "flex": 1,
          }
        }
      />
    </View>
    <View
      style={
        Object {
          "height": 0,
        }
      }
    >
      <View
        style={
          Object {
            "marginTop": -26,
          }
        }
      >
        <Text
          style={
            Object {
              "color": "rgb(234, 234, 235)",
              "fontFamily": "GothamBold",
              "fontSize": 18,
            }
          }
        >
          6
        </Text>
      </View>
    </View>
  </View>
  <View
    style={
      Object {
        "alignItems": "center",
        "flex": 1,
        "justifyContent": "center",
        "paddingLeft": 5,
        "paddingRight": 5,
      }
    }
  >
    <View
      style={
        Object {
          "height": 35,
          "width": 35,
        }
      }
    >
      <View
        onLayout={[Function]}
        style={
          Object {
            "flex": 1,
          }
        }
      />
    </View>
    <View
      style={
        Object {
          "height": 0,
        }
      }
    >
      <View
        style={
          Object {
            "marginTop": -26,
          }
        }
      >
        <Text
          style={
            Object {
              "color": "rgb(234, 234, 235)",
              "fontFamily": "GothamBold",
              "fontSize": 18,
            }
          }
        >
          7
        </Text>
      </View>
    </View>
  </View>
  <View
    style={
      Object {
        "alignItems": "center",
        "flex": 1,
        "justifyContent": "center",
        "paddingLeft": 5,
        "paddingRight": 5,
      }
    }
  >
    <View
      style={
        Object {
          "height": 35,
          "width": 35,
        }
      }
    >
      <View
        onLayout={[Function]}
        style={
          Object {
            "flex": 1,
          }
        }
      />
    </View>
    <View
      style={
        Object {
          "height": 0,
        }
      }
    >
      <View
        style={
          Object {
            "marginTop": -26,
          }
        }
      >
        <Text
          style={
            Object {
              "color": "rgb(234, 234, 235)",
              "fontFamily": "GothamBold",
              "fontSize": 18,
            }
          }
        >
          8
        </Text>
      </View>
    </View>
  </View>
</View>
`;
