// Jest Snapshot v1, https://goo.gl/fbAQLP

exports[`HelpAndSupportScreen renders correctly 1`] = `
<RCTSafeAreaView
  emulateUnlessSupported={true}
  style={
    Object {
      "backgroundColor": "rgb(0, 0, 0)",
      "flex": 1,
    }
  }
>
  <View
    style={
      Object {
        "alignItems": "center",
        "backgroundColor": "rgb(255, 255, 255)",
        "flex": 1,
      }
    }
  >
    <RCTScrollView
      contentContainerStyle={
        Object {
          "width": 750,
        }
      }
    >
      <View>
        <View
          style={
            Object {
              "padding": 15,
              "width": 750,
            }
          }
        >
          <Text
            style={
              Object {
                "fontFamily": "GothamBold",
                "fontSize": 24,
                "marginBottom": 10,
              }
            }
          >
            Help & Support
          </Text>
          <Text
            style={
              Object {
                "fontFamily": "GothamBook",
                "fontSize": 14,
              }
            }
          >
            Follow this link to see our frequently asked questions, or submit your own!
          </Text>
        </View>
        <View
          style={
            Object {
              "alignItems": "center",
              "justifyContent": "center",
              "marginBottom": 10,
              "marginTop": 10,
              "width": 750,
            }
          }
        >
          <View
            style={
              Object {
                "borderRadius": 3,
              }
            }
          >
            <View
              accessible={true}
              isTVSelectable={true}
              onResponderGrant={[Function]}
              onResponderMove={[Function]}
              onResponderRelease={[Function]}
              onResponderTerminate={[Function]}
              onResponderTerminationRequest={[Function]}
              onStartShouldSetResponder={[Function]}
              style={
                Object {
                  "opacity": 1,
                }
              }
            >
              <View
                style={
                  Object {
                    "alignItems": "center",
                    "backgroundColor": "rgb(20, 20, 20)",
                    "borderColor": "#2089dc",
                    "borderRadius": 4,
                    "borderWidth": 0,
                    "flexDirection": "row",
                    "height": 45,
                    "justifyContent": "center",
                    "padding": 8,
                    "shadowColor": "rgb(38, 38, 40)",
                    "shadowOffset": Object {
                      "height": 2,
                      "width": 0,
                    },
                    "shadowOpacity": 0.8,
                    "shadowRadius": 2,
                    "width": 730,
                  }
                }
              >
                <Text
                  style={
                    Object {
                      "color": "rgb(255, 255, 255)",
                      "fontFamily": "GothamBold",
                      "fontSize": 14,
                      "marginTop": 3,
                      "paddingBottom": 1,
                      "paddingTop": 2,
                      "textAlign": "center",
                    }
                  }
                >
                  GO TO FITAZFK HELP
                </Text>
              </View>
            </View>
          </View>
        </View>
      </View>
    </RCTScrollView>
  </View>
</RCTSafeAreaView>
`;
